[file-01.wav]
    01 = 01 - Haujobb - Completion.flac

[file-02.wav]
    01 = "02 - Zinovia,Haujobb - Dark Heart 5.flac"

[file-03.wav]
    01 = 03 - Haujobb - Destroy.flac

[file-04.wav]
    01 = 04 - Haujobb - Failures.flac

[file-05.wav]
    01 = 05 - Haujobb - Information Space.flac

[file-06.wav]
    01 = 06 - Haujobb - Input Error.flac

[file-07.wav]
    01 = 07 - Haujobb - Leaving.flac

[file-08.wav]
    01 = 08 - Haujobb - Little Miss Danger.flac

[file-09.wav]
    01 = 09 - Haujobb - Meltdown.flac

[file-10.wav]
    01 = 10 - Haujobb - Perfection.flac

[file-11.wav]
    01 = 11 - Haujobb - Produkt.flac











