
















DISK.01 TRACK.01 FILE: short.wav
























DISK.01 TRACK.01 INDEX 00: 00:00:00
DISK.01 TRACK.01 INDEX 01: 00:00:33
DISK.01 TRACK.01 TITLE: Short track 1
DISK.01 TRACK.01 ALBUM: Short file
DISK.01 TRACK.01 PERFORMER: Test for flacon
DISK.01 TRACK.01 DATE: 2011
DISK.01 TRACK.01 DISKID: 12345678

DISK.01 TRACK.02 FILE: short.wav
DISK.01 TRACK.02 INDEX 00: 00:00:00
DISK.01 TRACK.02 INDEX 01: 00:46:00
DISK.01 TRACK.02 TITLE: Short track 2
DISK.01 TRACK.02 ALBUM: Short file
DISK.01 TRACK.02 PERFORMER: Test for flacon
DISK.01 TRACK.02 DATE: 2011
DISK.01 TRACK.02 DISKID: 12345678

DISK.01 TRACK.03 FILE: short.wav
DISK.01 TRACK.03 INDEX 00: 01:22:22
DISK.01 TRACK.03 INDEX 01: 01:25:10
DISK.01 TRACK.03 TITLE: Short track 3
DISK.01 TRACK.03 ALBUM: Short file
DISK.01 TRACK.03 PERFORMER: Test for flacon
DISK.01 TRACK.03 DATE: 2011
DISK.01 TRACK.03 DISKID: 12345678

DISK.01 TRACK.04 FILE: short.wav
DISK.01 TRACK.04 INDEX 00: 02:39:54
DISK.01 TRACK.04 INDEX 01: 02:41:05
DISK.01 TRACK.04 TITLE: Short track 4
DISK.01 TRACK.04 ALBUM: Short file
DISK.01 TRACK.04 PERFORMER: Test for flacon
DISK.01 TRACK.04 DATE: 2011
DISK.01 TRACK.04 DISKID: 12345678
