DISK.01 TRACK.01 FILE: Side 1.flac
DISK.01 TRACK.01 INDEX 00: 00:00:00
DISK.01 TRACK.01 INDEX 01: 00:00:00
DISK.01 TRACK.01 TITLE: 1.1 Bat Out Of Hell
DISK.01 TRACK.01 ALBUM: Bat Out Of Hell
DISK.01 TRACK.01 PERFORMER: Meat Loaf
DISK.01 TRACK.01 DATE: 1977
DISK.01 TRACK.01 DISKID: 

DISK.01 TRACK.02 FILE: Side 1.flac
DISK.01 TRACK.02 INDEX 00: 00:00:00
DISK.01 TRACK.02 INDEX 01: 09:52:00
DISK.01 TRACK.02 TITLE: 1.2 You Took The Words Right Out Of My Mouth (Hot Summer Night)
DISK.01 TRACK.02 ALBUM: Bat Out Of Hell
DISK.01 TRACK.02 PERFORMER: Meat Loaf
DISK.01 TRACK.02 DATE: 1977
DISK.01 TRACK.02 DISKID: 

DISK.01 TRACK.03 FILE: Side 1.flac
DISK.01 TRACK.03 INDEX 00: 00:00:00
DISK.01 TRACK.03 INDEX 01: 14:57:00
DISK.01 TRACK.03 TITLE: 1.3 Heaven Can Wait
DISK.01 TRACK.03 ALBUM: Bat Out Of Hell
DISK.01 TRACK.03 PERFORMER: Meat Loaf
DISK.01 TRACK.03 DATE: 1977
DISK.01 TRACK.03 DISKID: 

DISK.01 TRACK.04 FILE: Side 1.flac
DISK.01 TRACK.04 INDEX 00: 00:00:00
DISK.01 TRACK.04 INDEX 01: 19:39:00
DISK.01 TRACK.04 TITLE: 1.4 All Revved Up With No Place To Go
DISK.01 TRACK.04 ALBUM: Bat Out Of Hell
DISK.01 TRACK.04 PERFORMER: Meat Loaf
DISK.01 TRACK.04 DATE: 1977
DISK.01 TRACK.04 DISKID: 



DISK.02 TRACK.01 FILE: Side 2.flac
DISK.02 TRACK.01 INDEX 00: 00:00:00
DISK.02 TRACK.01 INDEX 01: 00:00:00
DISK.02 TRACK.01 TITLE: 2.1 Two Out Of Three Ain't Bad
DISK.02 TRACK.01 ALBUM: Bat Out Of Hell
DISK.02 TRACK.01 PERFORMER: Meat Loaf
DISK.02 TRACK.01 DATE: 1977
DISK.02 TRACK.01 DISKID: 

DISK.02 TRACK.02 FILE: Side 2.flac
DISK.02 TRACK.02 INDEX 00: 00:00:00
DISK.02 TRACK.02 INDEX 01: 05:24:00
DISK.02 TRACK.02 TITLE: 2.2 Paradise By The Dashboard Light
DISK.02 TRACK.02 ALBUM: Bat Out Of Hell
DISK.02 TRACK.02 PERFORMER: Meat Loaf
DISK.02 TRACK.02 DATE: 1977
DISK.02 TRACK.02 DISKID: 

DISK.02 TRACK.03 FILE: Side 2.flac
DISK.02 TRACK.03 INDEX 00: 00:00:00
DISK.02 TRACK.03 INDEX 01: 13:49:00
DISK.02 TRACK.03 TITLE: 2.3 For Crying Out Loud
DISK.02 TRACK.03 ALBUM: Bat Out Of Hell
DISK.02 TRACK.03 PERFORMER: Meat Loaf
DISK.02 TRACK.03 DATE: 1977
DISK.02 TRACK.03 DISKID: 
