DISK.01 TRACK.01 FILE: dragonattack.wav
DISK.01 TRACK.01 INDEX 00: 00:00:00
DISK.01 TRACK.01 INDEX 01: 00:00:30
DISK.01 TRACK.01 TITLE: McAuley, Impellitteri, Kulick, Roth, Phillips, Schellen / I Want It All
DISK.01 TRACK.01 ALBUM: Dragon Attack - A Tribute to Queen
DISK.01 TRACK.01 PERFORMER: Various
DISK.01 TRACK.01 DATE: 
DISK.01 TRACK.01 DISKID: 

DISK.01 TRACK.02 FILE: dragonattack.wav
DISK.01 TRACK.02 INDEX 00: 00:00:00
DISK.01 TRACK.02 INDEX 01: 04:08:02
DISK.01 TRACK.02 TITLE: LaBrie, Friedman, Franklin, Appice / Sheer Heart Attack
DISK.01 TRACK.02 ALBUM: Dragon Attack - A Tribute to Queen
DISK.01 TRACK.02 PERFORMER: Various
DISK.01 TRACK.02 DATE: 
DISK.01 TRACK.02 DISKID: 

DISK.01 TRACK.03 FILE: dragonattack.wav
DISK.01 TRACK.03 INDEX 00: 00:00:00
DISK.01 TRACK.03 INDEX 01: 07:35:59
DISK.01 TRACK.03 TITLE: Adam, Petrucci, Sarzo, Aldridge / Another One Bites the Dust
DISK.01 TRACK.03 ALBUM: Dragon Attack - A Tribute to Queen
DISK.01 TRACK.03 PERFORMER: Various
DISK.01 TRACK.03 DATE: 
DISK.01 TRACK.03 DISKID: 

DISK.01 TRACK.04 FILE: dragonattack.wav
DISK.01 TRACK.04 INDEX 00: 00:00:00
DISK.01 TRACK.04 INDEX 01: 11:01:62
DISK.01 TRACK.04 TITLE: Sato, Kulick, Kulick, Sherwood, Phillips, Singer / Save Me
DISK.01 TRACK.04 ALBUM: Dragon Attack - A Tribute to Queen
DISK.01 TRACK.04 PERFORMER: Various
DISK.01 TRACK.04 DATE: 
DISK.01 TRACK.04 DISKID: 

DISK.01 TRACK.05 FILE: dragonattack.wav
DISK.01 TRACK.05 INDEX 00: 00:00:00
DISK.01 TRACK.05 INDEX 01: 15:13:54
DISK.01 TRACK.05 TITLE: Shortino, Kulick, Schellen, Laurent, Dio / We Will Rock You
DISK.01 TRACK.05 ALBUM: Dragon Attack - A Tribute to Queen
DISK.01 TRACK.05 PERFORMER: Various
DISK.01 TRACK.05 DATE: 
DISK.01 TRACK.05 DISKID: 

DISK.01 TRACK.06 FILE: dragonattack.wav
DISK.01 TRACK.06 INDEX 00: 00:00:00
DISK.01 TRACK.06 INDEX 01: 17:16:21
DISK.01 TRACK.06 TITLE: Shortino, Krieger, Kulick, Sherwood, Franklin, Appice, Laurent, Dio / We are the Champions
DISK.01 TRACK.06 ALBUM: Dragon Attack - A Tribute to Queen
DISK.01 TRACK.06 PERFORMER: Various
DISK.01 TRACK.06 DATE: 
DISK.01 TRACK.06 DISKID: 

DISK.01 TRACK.07 FILE: dragonattack.wav
DISK.01 TRACK.07 INDEX 00: 00:00:00
DISK.01 TRACK.07 INDEX 01: 20:57:08
DISK.01 TRACK.07 TITLE: Kilmister, Nugent, Kilmister, Kulick, Sarzo, Aldridge / Tie Your Mother Down
DISK.01 TRACK.07 ALBUM: Dragon Attack - A Tribute to Queen
DISK.01 TRACK.07 PERFORMER: Various
DISK.01 TRACK.07 DATE: 
DISK.01 TRACK.07 DISKID: 

DISK.01 TRACK.08 FILE: dragonattack.wav
DISK.01 TRACK.08 INDEX 00: 00:00:00
DISK.01 TRACK.08 INDEX 01: 24:43:15
DISK.01 TRACK.08 TITLE: Hughes, Lee, Kulick, Franklin, Appice / Get Down Make Love
DISK.01 TRACK.08 ALBUM: Dragon Attack - A Tribute to Queen
DISK.01 TRACK.08 PERFORMER: Various
DISK.01 TRACK.08 DATE: 
DISK.01 TRACK.08 DISKID: 

DISK.01 TRACK.09 FILE: dragonattack.wav
DISK.01 TRACK.09 INDEX 00: 00:00:00
DISK.01 TRACK.09 INDEX 01: 28:53:69
DISK.01 TRACK.09 TITLE: Boals, Malmsteen, Sarza, Aldridge / Keep Yourself Alive
DISK.01 TRACK.09 ALBUM: Dragon Attack - A Tribute to Queen
DISK.01 TRACK.09 PERFORMER: Various
DISK.01 TRACK.09 DATE: 
DISK.01 TRACK.09 DISKID: 

DISK.01 TRACK.10 FILE: dragonattack.wav
DISK.01 TRACK.10 INDEX 00: 00:00:00
DISK.01 TRACK.10 INDEX 01: 32:42:60
DISK.01 TRACK.10 TITLE: LaBrie, Bouillet, Bouillet, Kulick, Phillips, Schellen / One Vision
DISK.01 TRACK.10 ALBUM: Dragon Attack - A Tribute to Queen
DISK.01 TRACK.10 PERFORMER: Various
DISK.01 TRACK.10 DATE: 
DISK.01 TRACK.10 DISKID: 

DISK.01 TRACK.11 FILE: dragonattack.wav
DISK.01 TRACK.11 INDEX 00: 00:00:00
DISK.01 TRACK.11 INDEX 01: 36:27:64
DISK.01 TRACK.11 TITLE: Bush, Ian, Throne, Vera, Ian / It's Late
DISK.01 TRACK.11 ALBUM: Dragon Attack - A Tribute to Queen
DISK.01 TRACK.11 PERFORMER: Various
DISK.01 TRACK.11 DATE: 
DISK.01 TRACK.11 DISKID: 
