[01 - Haujobb - Completion.wav]
01 = 01 - Haujobb - Completion.flac

[02 - Zinovia,Haujobb - Dark Heart 5.wav]
01 = "02 - Zinovia,Haujobb - Dark Heart 5.flac"

[03 - Haujobb - Destroy.wav]
01 = 03 - Haujobb - Destroy.flac

[04 - Haujobb - Failures.wav]
01 = 04 - Haujobb - Failures.flac

[05 - Haujobb - Information Space.wav]
01 = 05 - Haujobb - Information Space.flac

[06 - Haujobb - Input Error.wav]
01 = 06 - Haujobb - Input Error.flac

[07 - Haujobb - Leaving.wav]
01 = 07 - Haujobb - Leaving.flac

[08 - Haujobb - Little Miss Danger.wav]
01 = 08 - Haujobb - Little Miss Danger.flac

[09 - Haujobb - Meltdown.wav]
01 = 09 - Haujobb - Meltdown.flac

[10 - Haujobb - Perfection.wav]
01 = 10 - Haujobb - Perfection.flac

[11 - Haujobb - Produkt.wav]
01 = 11 - Haujobb - Produkt.flac














