01 = 01 - Haujobb - Completion.flac
02 = "02 - Zinovia,Haujobb - Dark Heart 5.flac"
03 = 03 - Haujobb - Destroy.flac
04 = 04 - Haujobb - Failures.flac
05 = 05 - Haujobb - Information Space.flac
06 = 06 - Haujobb - Input Error.flac
07 = 07 - Haujobb - Leaving.flac
08 = 08 - Haujobb - Little Miss Danger.flac
09 = 09 - Haujobb - Meltdown.flac
10 = 10 - Haujobb - Perfection.flac
11 = 11 - Haujobb - Produkt.flac
