01 - Haujobb - Completion.wav           = 01 - Haujobb - Completion.flac
02 - Zinovia,Haujobb - Dark Heart 5.wav = "02 - Zinovia,Haujobb - Dark Heart 5.flac"
03 - Haujobb - Destroy.wav              = 03 - Haujobb - Destroy.flac
04 - Haujobb - Failures.wav             = 04 - Haujobb - Failures.flac
05 - Haujobb - Information Space.wav    = 05 - Haujobb - Information Space.flac
06 - Haujobb - Input Error.wav          = 06 - Haujobb - Input Error.flac
07 - Haujobb - Leaving.wav              = 07 - Haujobb - Leaving.flac
08 - Haujobb - Little Miss Danger.wav   = 08 - Haujobb - Little Miss Danger.flac
09 - Haujobb - Meltdown.wav             = 09 - Haujobb - Meltdown.flac
10 - Haujobb - Perfection.wav           = 10 - Haujobb - Perfection.flac
11 - Haujobb - Produkt.wav              = 11 - Haujobb - Produkt.flac
