[DISC 01 / TRACK 01]
	 FILE        = Artist - Album, 2001 (LP1).flac
	 INDEX CD 00 = 00:00:00
	 INDEX CD 01 = 00:03:00

[DISC 01 / TRACK 02]
	 FILE        = Artist - Album, 2001 (LP1).flac
	 INDEX CD 00 = 04:38:00
	 INDEX CD 01 = 04:38:00




[DISC 01 / TRACK 03]
	 FILE        = Artist - Album, 2001 (LP1).flac
	 INDEX CD 00 = 00:00:00
	 INDEX CD 01 = 00:10:00

[DISC 01 / TRACK 04]
	 FILE        = Artist - Album, 2001 (LP1).flac
	 INDEX CD 00 = 05:24:00
	 INDEX CD 01 = 05:24:00

