[D:%5CMP3%5CRipados%5CRush%5CSignals%5CRush - Signals - 01 - Subdivisions.wav]
    01 = Rush - Signals - 01 - Subdivisions.wav

[D:%5CMP3%5CRipados%5CRush%5CSignals%5CRush - Signals - 02 - The Analog Kid.wav]
    01 = Rush - Signals - 02 - The Analog Kid.wav

[D:%5CMP3%5CRipados%5CRush%5CSignals%5CRush - Signals - 03 - Chemistry.wav]
    01 = Rush - Signals - 03 - Chemistry.wav

[D:%5CMP3%5CRipados%5CRush%5CSignals%5CRush - Signals - 04 - Digital Man.wav]
    01 = Rush - Signals - 04 - Digital Man.wav

[D:%5CMP3%5CRipados%5CRush%5CSignals%5CRush - Signals - 05 - The Weapon.wav]
    01 = Rush - Signals - 05 - The Weapon.wav

[D:%5CMP3%5CRipados%5CRush%5CSignals%5CRush - Signals - 06 - New World Man.wav]
    01 = Rush - Signals - 06 - New World Man.wav

[D:%5CMP3%5CRipados%5CRush%5CSignals%5CRush - Signals - 07 - Losing It.wav]
    01 = Rush - Signals - 07 - Losing It.wav

[D:%5CMP3%5CRipados%5CRush%5CSignals%5CRush - Signals - 08 - Countdown.wav]
    01 = Rush - Signals - 08 - Countdown.wav
