[TRACKS/ 01]
  DURATION = 11:08.470

[TRACKS/ 02]
  DURATION = 03:50.010

[TRACKS/ 03]
  DURATION = 05:24.630

[TRACKS/ 04]
  DURATION = 03:13.540

[TRACKS/ 05]
  DURATION = 02:24.510

[TRACKS/ 06]
  DURATION = 04:01.460

[TRACKS/ 07]
  DURATION = 03:39.890

[TRACKS/ 08]
  DURATION = 05:58.583

[TRACKS/ 09]
  DURATION = 03:55.370

[TRACKS/ 10]
  DURATION = 04:24.920

[TRACKS/ 11]
  DURATION = 05:02.030

[TRACKS/ 12]
  DURATION = 05:10.390

[TRACKS/ 13]
  DURATION = 02:41.970

[TRACKS/ 14]
  DURATION = 04:56.920

[TRACKS/ 15]
  DURATION = 04:09.000

[TRACKS/ 16]
  DURATION = 03:43.930

[TRACKS/ 17]
  DURATION = 02:49.590

[TRACKS/ 18]
  DURATION = 02:52.230

[TRACKS/ 19]
  DURATION = 01:50.980

[TRACKS/ 20]
  DURATION = 04:42.680

[TRACKS/ 21]
  DURATION = 03:51.803
