[Profiles/AAC]
    Format=AAC
    Name=Aac
    Bitrate=128
    Quality=90
    UseQuality=false
    BitsPerSample=16
    SampleRate=44100
    CreateCue=false
    CueFileName = AAC %a %d - %A.cue
    PregapType = AddToFirst

[Profiles/FLAC]
    Format=FLAC
    Name=Flac
    Compression=3
    ReplayGain=Track
    BitsPerSample=16
    SampleRate=44100
    CreateCue=true
    CueFileName = FLAC %a %d - %A.cue
    PregapType = Extract

[Profiles/MP3]
    Format = MP3
    Name = Mp3
    Bitrate=320
    Preset=vbrStandardFast
    Quality=4
    ReplayGain=Disk
    BitsPerSample=16
    SampleRate=44100
    CreateCue=false
    CueFileName = MP3 %a %d - %A.cue
    PregapType = Disable

[Profiles/OGG]
    Format = OGG
    Name = Ogg
    MaxBitrate=1
    MinBitrate=1
    NormBitrate=1
    Quality=2
    ReplayGain=Disable
    UseQuality=false
    BitsPerSample=16
    SampleRate=44100
    CreateCue=true
    CueFileName = OGG %a %d - %A.cue
    PregapType = AddToFirst

[Profiles/OPUS]
    Name = Opus
    Format = OPUS
    Bitrate=128
    BitrateType=VBR
    BitsPerSample=16
    SampleRate=44100
    CreateCue=false
    CueFileName = OPUS %a %d - %A.cue
    PregapType = Extract

[Profiles/WV]
    Name = WV
    Format = WV
    Compression=2
    ReplayGain=Track
    BitsPerSample=16
    SampleRate=44100
    CreateCue=true
    CueFileName = WV %a %d - %A.cue
    PregapType = Disable

[Profiles/WAV]
    Format=WAV
    Name=WAV
    BitsPerSample=0
    SampleRate=0
    CreateCue=false
    CueFileName = %a-%A.cue
    PregapType = Extract
