[Profiles/AAC]
Name=AAC
Format=AAC
Bitrate=128
Quality=112
UseQuality=false

[Profiles/FLAC]
Name=Flac
Format=FLAC
Compression=1
ReplayGain=Album

[Profiles/MP3]
Name=MP3
Format=MP3
Bitrate=128
Preset=cbrKbps
Quality=1
ReplayGain=Album

[Profiles/OGG]
Name=OGG
Format=OGG
MaxBitrate=
MinBitrate=
NormBitrate=
Quality=2.3
ReplayGain=Track
UseQuality=false

[Profiles/OPUS]
Name=Opus
Format=OPUS
Bitrate=125
BitrateType=VBR

[Profiles/WV]
Name=WavPack
Format=WV
Compression=0
ReplayGain=Track
